// Jest Snapshot v1, https://goo.gl/fbAQLP

exports[`should render right tree 1`] = `
<div>
  testing some labels
</div>
`;
